---
source: src/tests/routes/crates/versions/download.rs
expression: response.into_json()
---
{
  "errors": [
    {
      "detail": "Your request is for a version of the `foo-download` crate, but that crate is actually named `foo_download`. Support for \"non-canonical\" downloads has been deprecated and disabled. See https://blog.rust-lang.org/2023/10/27/crates-io-non-canonical-downloads.html for more detail."
    }
  ]
}
