---
source: src/tests/routes/versions/read.rs
expression: json
---
{
  "version": {
    "audit_actions": [],
    "checksum": "                                                                ",
    "crate": "foo_vers_show_id",
    "crate_size": 1234,
    "created_at": "[datetime]",
    "dl_path": "/api/v1/crates/foo_vers_show_id/2.0.0/download",
    "downloads": 0,
    "features": {},
    "id": "[id]",
    "license": null,
    "links": {
      "authors": "/api/v1/crates/foo_vers_show_id/2.0.0/authors",
      "dependencies": "/api/v1/crates/foo_vers_show_id/2.0.0/dependencies",
      "version_downloads": "/api/v1/crates/foo_vers_show_id/2.0.0/downloads"
    },
    "num": "2.0.0",
    "published_by": {
      "avatar": null,
      "id": "[id]",
      "login": "foo",
      "name": null,
      "url": "https://github.com/foo"
    },
    "readme_path": "/api/v1/crates/foo_vers_show_id/2.0.0/readme",
    "rust_version": null,
    "updated_at": "[datetime]",
    "yanked": false
  }
}
