---
source: src/worker/jobs/rss/sync_crates_feed.rs
expression: "new_crates.iter().map(|u| &u.name).collect::<Vec<_>>()"
snapshot_kind: text
---
[
    "crate-50",
    "crate-49",
    "crate-48",
    "crate-47",
    "crate-46",
    "crate-45",
    "crate-44",
    "crate-43",
    "crate-42",
    "crate-41",
    "crate-40",
    "crate-39",
    "crate-38",
    "crate-37",
    "crate-36",
    "crate-35",
    "crate-34",
    "crate-33",
    "crate-32",
    "crate-31",
    "crate-30",
    "crate-29",
    "crate-28",
    "crate-27",
    "crate-26",
    "crate-25",
    "crate-24",
    "crate-23",
    "crate-22",
    "crate-21",
    "crate-20",
    "crate-19",
    "crate-18",
    "crate-17",
    "crate-16",
    "crate-15",
    "crate-14",
    "crate-13",
    "crate-12",
    "crate-11",
    "crate-10",
    "crate-9",
    "crate-8",
    "crate-7",
    "crate-6",
    "crate-5",
    "crate-4",
    "crate-3",
    "crate-2",
    "crate-1",
]
