---
source: src/worker/jobs/rss/sync_crates_feed.rs
expression: "new_crates.iter().map(|u| &u.name).collect::<Vec<_>>()"
---
[
    "other-crate-60",
    "other-crate-59",
    "other-crate-58",
    "other-crate-57",
    "other-crate-56",
    "other-crate-55",
    "other-crate-54",
    "other-crate-53",
    "other-crate-52",
    "other-crate-51",
    "other-crate-50",
    "other-crate-49",
    "other-crate-48",
    "other-crate-47",
    "other-crate-46",
    "other-crate-45",
    "other-crate-44",
    "other-crate-43",
    "other-crate-42",
    "other-crate-41",
    "other-crate-40",
    "other-crate-39",
    "other-crate-38",
    "other-crate-37",
    "other-crate-36",
    "other-crate-35",
    "other-crate-34",
    "other-crate-33",
    "other-crate-32",
    "other-crate-31",
    "other-crate-30",
    "other-crate-29",
    "other-crate-28",
    "other-crate-27",
    "other-crate-26",
    "other-crate-25",
    "other-crate-24",
    "other-crate-23",
    "other-crate-22",
    "other-crate-21",
    "other-crate-20",
    "other-crate-19",
    "other-crate-18",
    "other-crate-17",
    "other-crate-16",
    "other-crate-15",
    "other-crate-14",
    "other-crate-13",
    "other-crate-12",
    "other-crate-11",
    "other-crate-10",
    "other-crate-9",
    "other-crate-8",
    "other-crate-7",
    "other-crate-6",
    "other-crate-5",
    "other-crate-4",
    "other-crate-3",
    "other-crate-2",
    "other-crate-1",
]
