---
source: src/tests/routes/me/get.rs
expression: response.json()
---
{
  "owned_crates": [],
  "user": {
    "avatar": null,
    "email": "foo@example.com",
    "email_verification_sent": true,
    "email_verified": true,
    "emails": [
      {
        "email": "foo@example.com",
        "id": 1,
        "send_notifications": true,
        "verification_email_sent": true,
        "verified": true
      }
    ],
    "id": 1,
    "is_admin": false,
    "login": "foo",
    "name": null,
    "publish_notifications": true,
    "url": "https://github.com/foo"
  }
}
