---
source: src/tests/krate/publish/validation.rs
expression: response.into_json()
---
{
  "errors": [
    {
      "detail": "unknown or invalid license expression; see http://opensource.org/licenses for options, and http://spdx.org/licenses/ for their identifiers\nNote: If you have a non-standard license that is not listed by SPDX, use the license-file field to specify the path to a file containing the text of the license.\nSee https://doc.rust-lang.org/cargo/reference/manifest.html#the-license-and-license-file-fields for more information.\nMIT AND foobar\n        ^^^^^^ unknown term"
    }
  ]
}
