---
source: src/tests/krate/publish/dependencies.rs
expression: response.into_json()
---
{
  "errors": [
    {
      "detail": "wildcard (`*`) dependency constraints are not allowed on crates.io. Crate with this problem: `foo_wild` See https://doc.rust-lang.org/cargo/faq.html#can-libraries-use--as-a-version-for-their-dependencies for more information"
    }
  ]
}
