---
source: src/tests/krate/publish/features.rs
expression: response.into_json()
---
{
  "errors": [
    {
      "detail": "crates.io only allows a maximum number of 4 features, but your crate is declaring 5 features.\n\nTake a look at https://blog.rust-lang.org/2023/10/26/broken-badges-and-23k-keywords.html to understand why this restriction was introduced.\n\nIf you have a use case that requires an increase of this limit, please send us an email to help@crates.io to discuss the details."
    }
  ]
}
