---
source: src/tests/krate/publish/dependencies.rs
expression: response.into_json()
---
{
  "errors": [
    {
      "detail": "invalid upload request: invalid value: string \"💩\", expected a valid dependency name to start with a letter or underscore, contain only letters, numbers, hyphens, or underscores and have at most 64 characters at line 1 column 197"
    }
  ]
}
