---
source: src/tests/krate/publish/links.rs
expression: response.json()
---
{
  "version": {
    "audit_actions": [
      {
        "action": "publish",
        "time": "[datetime]",
        "user": {
          "avatar": null,
          "id": 1,
          "login": "foo",
          "name": null,
          "url": "https://github.com/foo"
        }
      }
    ],
    "bin_names": [],
    "checksum": "b2c9e153a8860ce92ba7cbdea7b718409d181c08f4c6c5c2a612919dcb155af2",
    "crate": "foo",
    "crate_size": 167,
    "created_at": "[datetime]",
    "description": "foo?!",
    "dl_path": "/api/v1/crates/foo/1.0.0/download",
    "documentation": null,
    "downloads": 0,
    "edition": null,
    "features": {},
    "has_lib": false,
    "homepage": null,
    "id": "[id]",
    "lib_links": "git2",
    "license": "MIT",
    "links": {
      "authors": "/api/v1/crates/foo/1.0.0/authors",
      "dependencies": "/api/v1/crates/foo/1.0.0/dependencies",
      "version_downloads": "/api/v1/crates/foo/1.0.0/downloads"
    },
    "num": "1.0.0",
    "published_by": {
      "avatar": null,
      "id": "[id]",
      "login": "foo",
      "name": null,
      "url": "https://github.com/foo"
    },
    "readme_path": "/api/v1/crates/foo/1.0.0/readme",
    "repository": null,
    "rust_version": null,
    "updated_at": "[datetime]",
    "yank_message": null,
    "yanked": false
  }
}
