---
source: src/tests/krate/publish/dependencies.rs
expression: crates
---
[
  {
    "name": "new_dep",
    "vers": "1.0.0",
    "deps": [
      {
        "name": "foo-dep",
        "req": "^1.0.0",
        "features": [],
        "optional": false,
        "default_features": true,
        "target": null,
        "kind": "normal"
      }
    ],
    "cksum": "b1ce14dbe59036a964369747770d2d64695039065384b1ab56f09a59525300a6",
    "features": {},
    "yanked": false
  }
]
