---
source: src/tests/routes/categories/list.rs
expression: json
snapshot_kind: text
---
{
  "categories": [
    {
      "category": "foo",
      "crates_cnt": 0,
      "created_at": "[datetime]",
      "description": "Foo crates",
      "id": "foo",
      "slug": "foo"
    }
  ],
  "meta": {
    "total": 1
  }
}
