---
source: src/tests/routes/categories/get.rs
expression: json
snapshot_kind: text
---
{
  "category": {
    "category": "Foo Bar",
    "crates_cnt": 0,
    "created_at": "[datetime]",
    "description": "Foo Bar crates",
    "id": "foo-bar",
    "parent_categories": [],
    "slug": "foo-bar",
    "subcategories": [
      {
        "category": "Baz",
        "crates_cnt": 0,
        "created_at": "[datetime]",
        "description": "Baz crates",
        "id": "foo-bar::baz",
        "slug": "foo-bar::baz"
      }
    ]
  }
}
