---
source: crates/crates_io_database_dump/src/lib.rs
expression: content
---
BEGIN ISOLATION LEVEL REPEATABLE READ, READ ONLY;

    \copy "categories" ("category", "crates_cnt", "created_at", "description", "id", "path", "slug") TO 'data/categories.csv' WITH CSV HEADER
    \copy "crate_downloads" ("crate_id", "downloads") TO 'data/crate_downloads.csv' WITH CSV HEADER
    \copy "crates" ("created_at", "description", "documentation", "homepage", "id", "max_features", "max_upload_size", "name", "readme", "repository", "trustpub_only", "updated_at") TO 'data/crates.csv' WITH CSV HEADER
    \copy "keywords" ("crates_cnt", "created_at", "id", "keyword") TO 'data/keywords.csv' WITH CSV HEADER
    \copy "metadata" ("total_downloads") TO 'data/metadata.csv' WITH CSV HEADER
    \copy "reserved_crate_names" ("name") TO 'data/reserved_crate_names.csv' WITH CSV HEADER
    \copy "teams" ("avatar", "github_id", "id", "login", "name", "org_id") TO 'data/teams.csv' WITH CSV HEADER
    \copy (SELECT "gh_avatar", "gh_id", "gh_login", "id", "name" FROM "users" WHERE id in (     SELECT owner_id AS user_id FROM crate_owners WHERE NOT deleted AND owner_kind = 0     UNION     SELECT published_by as user_id FROM versions )) TO 'data/users.csv' WITH CSV HEADER

    \copy "crates_categories" ("category_id", "crate_id") TO 'data/crates_categories.csv' WITH CSV HEADER
    \copy "crates_keywords" ("crate_id", "keyword_id") TO 'data/crates_keywords.csv' WITH CSV HEADER
    \copy (SELECT "crate_id", "created_at", "created_by", "owner_id", "owner_kind" FROM "crate_owners" WHERE NOT deleted) TO 'data/crate_owners.csv' WITH CSV HEADER

    \copy "deleted_crates" ("available_at", "created_at", "deleted_at", "deleted_by", "id", "message", "name") TO 'data/deleted_crates.csv' WITH CSV HEADER
    \copy "versions" ("bin_names", "categories", "checksum", "crate_id", "crate_size", "created_at", "description", "documentation", "downloads", "edition", "features", "has_lib", "homepage", "id", "keywords", "license", "links", "num", "num_no_build", "published_by", "repository", "rust_version", "updated_at", "yanked") TO 'data/versions.csv' WITH CSV HEADER
    \copy "default_versions" ("crate_id", "num_versions", "version_id") TO 'data/default_versions.csv' WITH CSV HEADER
    \copy "dependencies" ("crate_id", "default_features", "explicit_name", "features", "id", "kind", "optional", "req", "target", "version_id") TO 'data/dependencies.csv' WITH CSV HEADER
    \copy "version_downloads" ("date", "downloads", "version_id") TO 'data/version_downloads.csv' WITH CSV HEADER
COMMIT;
