---
source: src/tests/routes/private/crate_owner_invitations.rs
expression: invitations
---
{
  "invitations": [
    {
      "invitee_id": 3,
      "inviter_id": 1,
      "crate_id": 1,
      "crate_name": "crate_1",
      "created_at": "[datetime]",
      "expires_at": "[datetime]"
    }
  ],
  "users": [
    {
      "id": 1,
      "login": "foo",
      "name": null,
      "avatar": null,
      "url": "https://github.com/foo",
      "created_at": "[datetime]"
    },
    {
      "id": 3,
      "login": "user_2",
      "name": null,
      "avatar": null,
      "url": "https://github.com/user_2",
      "created_at": "[datetime]"
    }
  ],
  "meta": {
    "next_page": null
  }
}
