---
source: crates/crates_io_index/features.rs
expression: split_features(features)
---
(
    {
        "cargo": [
            "clap_builder/cargo",
        ],
        "color": [
            "clap_builder/color",
        ],
        "default": [
            "std",
            "color",
            "help",
            "usage",
            "error-context",
            "suggestions",
        ],
        "env": [
            "clap_builder/env",
        ],
        "error-context": [
            "clap_builder/error-context",
        ],
        "help": [
            "clap_builder/help",
        ],
        "std": [
            "clap_builder/std",
        ],
        "string": [
            "clap_builder/string",
        ],
        "suggestions": [
            "clap_builder/suggestions",
        ],
        "unicode": [
            "clap_builder/unicode",
        ],
        "unstable-ext": [
            "clap_builder/unstable-ext",
        ],
        "unstable-styles": [
            "clap_builder/unstable-styles",
        ],
        "usage": [
            "clap_builder/usage",
        ],
        "wrap_help": [
            "clap_builder/wrap_help",
        ],
    },
    {
        "debug": [
            "clap_builder/debug",
            "clap_derive?/debug",
        ],
        "deprecated": [
            "clap_builder/deprecated",
            "clap_derive?/deprecated",
        ],
        "derive": [
            "dep:clap_derive",
        ],
        "unstable-doc": [
            "clap_builder/unstable-doc",
            "derive",
        ],
        "unstable-v5": [
            "clap_builder/unstable-v5",
            "clap_derive?/unstable-v5",
            "deprecated",
        ],
    },
)
