---
source: src/tests/routes/me/tokens/create.rs
expression: app.emails_snapshot().await
---
To: foo@example.com
From: crates.io <noreply@crates.io>
Subject: crates.io: New API token "bar" created
Content-Type: text/plain; charset=utf-8
Content-Transfer-Encoding: quoted-printable

Hello foo!

A new API token with the name "bar" was recently added to your crates.io ac=
count.

If this wasn't you, you should revoke the token immediately: https://crates=
.io/settings/tokens
