---
source: src/tests/routes/me/tokens/create.rs
expression: response.json()
---
{
  "api_token": {
    "crate_scopes": [
      "my-crate",
      "my-*"
    ],
    "created_at": "[datetime]",
    "endpoint_scopes": [
      "trusted-publishing"
    ],
    "expired_at": null,
    "id": "[id]",
    "last_used_at": "[datetime]",
    "name": "trusted-publishing-token",
    "token": "[token]"
  }
}
