---
source: crates/crates_io_tarball/src/lib.rs
expression: tarball_info.manifest.example
---
[
    Product {
        path: Some(
            "examples/how-to-use-foo.rs",
        ),
        name: Some(
            "how-to-use-foo",
        ),
        test: true,
        doctest: true,
        bench: true,
        doc: true,
        plugin: false,
        proc_macro: false,
        harness: true,
        edition: None,
        required_features: [],
        crate_type: Some(
            [
                "bin",
            ],
        ),
    },
]
