---
source: src/tests/krate.rs
expression: json
---
{
  "just_updated": [
    {
      "badges": null,
      "categories": null,
      "created_at": "[datetime]",
      "description": null,
      "documentation": null,
      "downloads": 0,
      "exact_match": false,
      "homepage": null,
      "id": "just_updated_patch",
      "keywords": null,
      "links": {
        "owner_team": "/api/v1/crates/just_updated_patch/owner_team",
        "owner_user": "/api/v1/crates/just_updated_patch/owner_user",
        "owners": "/api/v1/crates/just_updated_patch/owners",
        "reverse_dependencies": "/api/v1/crates/just_updated_patch/reverse_dependencies",
        "version_downloads": "/api/v1/crates/just_updated_patch/downloads",
        "versions": "/api/v1/crates/just_updated_patch/versions"
      },
      "max_version": "0.2.0",
      "name": "just_updated_patch",
      "newest_version": "0.1.1",
      "recent_downloads": null,
      "repository": null,
      "updated_at": "[datetime]",
      "versions": null
    },
    {
      "badges": null,
      "categories": null,
      "created_at": "[datetime]",
      "description": null,
      "documentation": null,
      "downloads": 0,
      "exact_match": false,
      "homepage": null,
      "id": "just_updated",
      "keywords": null,
      "links": {
        "owner_team": "/api/v1/crates/just_updated/owner_team",
        "owner_user": "/api/v1/crates/just_updated/owner_user",
        "owners": "/api/v1/crates/just_updated/owners",
        "reverse_dependencies": "/api/v1/crates/just_updated/reverse_dependencies",
        "version_downloads": "/api/v1/crates/just_updated/downloads",
        "versions": "/api/v1/crates/just_updated/versions"
      },
      "max_version": "0.1.2",
      "name": "just_updated",
      "newest_version": "0.1.2",
      "recent_downloads": null,
      "repository": null,
      "updated_at": "[datetime]",
      "versions": null
    }
  ],
  "most_downloaded": [
    {
      "badges": null,
      "categories": null,
      "created_at": "[datetime]",
      "description": null,
      "documentation": null,
      "downloads": 5000,
      "exact_match": false,
      "homepage": null,
      "id": "most_recent_downloads",
      "keywords": null,
      "links": {
        "owner_team": "/api/v1/crates/most_recent_downloads/owner_team",
        "owner_user": "/api/v1/crates/most_recent_downloads/owner_user",
        "owners": "/api/v1/crates/most_recent_downloads/owners",
        "reverse_dependencies": "/api/v1/crates/most_recent_downloads/reverse_dependencies",
        "version_downloads": "/api/v1/crates/most_recent_downloads/downloads",
        "versions": "/api/v1/crates/most_recent_downloads/versions"
      },
      "max_version": "0.2.0",
      "name": "most_recent_downloads",
      "newest_version": "0.2.0",
      "recent_downloads": 50,
      "repository": null,
      "updated_at": "[datetime]",
      "versions": null
    },
    {
      "badges": null,
      "categories": null,
      "created_at": "[datetime]",
      "description": null,
      "documentation": null,
      "downloads": 1000,
      "exact_match": false,
      "homepage": null,
      "id": "with_downloads",
      "keywords": null,
      "links": {
        "owner_team": "/api/v1/crates/with_downloads/owner_team",
        "owner_user": "/api/v1/crates/with_downloads/owner_user",
        "owners": "/api/v1/crates/with_downloads/owners",
        "reverse_dependencies": "/api/v1/crates/with_downloads/reverse_dependencies",
        "version_downloads": "/api/v1/crates/with_downloads/downloads",
        "versions": "/api/v1/crates/with_downloads/versions"
      },
      "max_version": "0.3.0",
      "name": "with_downloads",
      "newest_version": "0.3.0",
      "recent_downloads": null,
      "repository": null,
      "updated_at": "[datetime]",
      "versions": null
    },
    {
      "badges": null,
      "categories": null,
      "created_at": "[datetime]",
      "description": "description",
      "documentation": null,
      "downloads": 20,
      "exact_match": false,
      "homepage": null,
      "id": "some_downloads",
      "keywords": null,
      "links": {
        "owner_team": "/api/v1/crates/some_downloads/owner_team",
        "owner_user": "/api/v1/crates/some_downloads/owner_user",
        "owners": "/api/v1/crates/some_downloads/owners",
        "reverse_dependencies": "/api/v1/crates/some_downloads/reverse_dependencies",
        "version_downloads": "/api/v1/crates/some_downloads/downloads",
        "versions": "/api/v1/crates/some_downloads/versions"
      },
      "max_version": "0.1.0",
      "name": "some_downloads",
      "newest_version": "0.1.0",
      "recent_downloads": 10,
      "repository": null,
      "updated_at": "[datetime]",
      "versions": null
    },
    {
      "badges": null,
      "categories": null,
      "created_at": "[datetime]",
      "description": null,
      "documentation": null,
      "downloads": 0,
      "exact_match": false,
      "homepage": null,
      "id": "just_updated_patch",
      "keywords": null,
      "links": {
        "owner_team": "/api/v1/crates/just_updated_patch/owner_team",
        "owner_user": "/api/v1/crates/just_updated_patch/owner_user",
        "owners": "/api/v1/crates/just_updated_patch/owners",
        "reverse_dependencies": "/api/v1/crates/just_updated_patch/reverse_dependencies",
        "version_downloads": "/api/v1/crates/just_updated_patch/downloads",
        "versions": "/api/v1/crates/just_updated_patch/versions"
      },
      "max_version": "0.2.0",
      "name": "just_updated_patch",
      "newest_version": "0.1.1",
      "recent_downloads": null,
      "repository": null,
      "updated_at": "[datetime]",
      "versions": null
    },
    {
      "badges": null,
      "categories": null,
      "created_at": "[datetime]",
      "description": null,
      "documentation": null,
      "downloads": 0,
      "exact_match": false,
      "homepage": null,
      "id": "just_updated",
      "keywords": null,
      "links": {
        "owner_team": "/api/v1/crates/just_updated/owner_team",
        "owner_user": "/api/v1/crates/just_updated/owner_user",
        "owners": "/api/v1/crates/just_updated/owners",
        "reverse_dependencies": "/api/v1/crates/just_updated/reverse_dependencies",
        "version_downloads": "/api/v1/crates/just_updated/downloads",
        "versions": "/api/v1/crates/just_updated/versions"
      },
      "max_version": "0.1.2",
      "name": "just_updated",
      "newest_version": "0.1.2",
      "recent_downloads": null,
      "repository": null,
      "updated_at": "[datetime]",
      "versions": null
    }
  ],
  "most_recently_downloaded": [
    {
      "badges": null,
      "categories": null,
      "created_at": "[datetime]",
      "description": null,
      "documentation": null,
      "downloads": 5000,
      "exact_match": false,
      "homepage": null,
      "id": "most_recent_downloads",
      "keywords": null,
      "links": {
        "owner_team": "/api/v1/crates/most_recent_downloads/owner_team",
        "owner_user": "/api/v1/crates/most_recent_downloads/owner_user",
        "owners": "/api/v1/crates/most_recent_downloads/owners",
        "reverse_dependencies": "/api/v1/crates/most_recent_downloads/reverse_dependencies",
        "version_downloads": "/api/v1/crates/most_recent_downloads/downloads",
        "versions": "/api/v1/crates/most_recent_downloads/versions"
      },
      "max_version": "0.2.0",
      "name": "most_recent_downloads",
      "newest_version": "0.2.0",
      "recent_downloads": 50,
      "repository": null,
      "updated_at": "[datetime]",
      "versions": null
    },
    {
      "badges": null,
      "categories": null,
      "created_at": "[datetime]",
      "description": "description",
      "documentation": null,
      "downloads": 20,
      "exact_match": false,
      "homepage": null,
      "id": "some_downloads",
      "keywords": null,
      "links": {
        "owner_team": "/api/v1/crates/some_downloads/owner_team",
        "owner_user": "/api/v1/crates/some_downloads/owner_user",
        "owners": "/api/v1/crates/some_downloads/owners",
        "reverse_dependencies": "/api/v1/crates/some_downloads/reverse_dependencies",
        "version_downloads": "/api/v1/crates/some_downloads/downloads",
        "versions": "/api/v1/crates/some_downloads/versions"
      },
      "max_version": "0.1.0",
      "name": "some_downloads",
      "newest_version": "0.1.0",
      "recent_downloads": 10,
      "repository": null,
      "updated_at": "[datetime]",
      "versions": null
    }
  ],
  "new_crates": [
    {
      "badges": null,
      "categories": null,
      "created_at": "[datetime]",
      "description": null,
      "documentation": null,
      "downloads": 0,
      "exact_match": false,
      "homepage": null,
      "id": "just_updated_patch",
      "keywords": null,
      "links": {
        "owner_team": "/api/v1/crates/just_updated_patch/owner_team",
        "owner_user": "/api/v1/crates/just_updated_patch/owner_user",
        "owners": "/api/v1/crates/just_updated_patch/owners",
        "reverse_dependencies": "/api/v1/crates/just_updated_patch/reverse_dependencies",
        "version_downloads": "/api/v1/crates/just_updated_patch/downloads",
        "versions": "/api/v1/crates/just_updated_patch/versions"
      },
      "max_version": "0.2.0",
      "name": "just_updated_patch",
      "newest_version": "0.1.1",
      "recent_downloads": null,
      "repository": null,
      "updated_at": "[datetime]",
      "versions": null
    },
    {
      "badges": null,
      "categories": null,
      "created_at": "[datetime]",
      "description": null,
      "documentation": null,
      "downloads": 0,
      "exact_match": false,
      "homepage": null,
      "id": "just_updated",
      "keywords": null,
      "links": {
        "owner_team": "/api/v1/crates/just_updated/owner_team",
        "owner_user": "/api/v1/crates/just_updated/owner_user",
        "owners": "/api/v1/crates/just_updated/owners",
        "reverse_dependencies": "/api/v1/crates/just_updated/reverse_dependencies",
        "version_downloads": "/api/v1/crates/just_updated/downloads",
        "versions": "/api/v1/crates/just_updated/versions"
      },
      "max_version": "0.1.2",
      "name": "just_updated",
      "newest_version": "0.1.2",
      "recent_downloads": null,
      "repository": null,
      "updated_at": "[datetime]",
      "versions": null
    },
    {
      "badges": null,
      "categories": null,
      "created_at": "[datetime]",
      "description": null,
      "documentation": null,
      "downloads": 1000,
      "exact_match": false,
      "homepage": null,
      "id": "with_downloads",
      "keywords": null,
      "links": {
        "owner_team": "/api/v1/crates/with_downloads/owner_team",
        "owner_user": "/api/v1/crates/with_downloads/owner_user",
        "owners": "/api/v1/crates/with_downloads/owners",
        "reverse_dependencies": "/api/v1/crates/with_downloads/reverse_dependencies",
        "version_downloads": "/api/v1/crates/with_downloads/downloads",
        "versions": "/api/v1/crates/with_downloads/versions"
      },
      "max_version": "0.3.0",
      "name": "with_downloads",
      "newest_version": "0.3.0",
      "recent_downloads": null,
      "repository": null,
      "updated_at": "[datetime]",
      "versions": null
    },
    {
      "badges": null,
      "categories": null,
      "created_at": "[datetime]",
      "description": null,
      "documentation": null,
      "downloads": 5000,
      "exact_match": false,
      "homepage": null,
      "id": "most_recent_downloads",
      "keywords": null,
      "links": {
        "owner_team": "/api/v1/crates/most_recent_downloads/owner_team",
        "owner_user": "/api/v1/crates/most_recent_downloads/owner_user",
        "owners": "/api/v1/crates/most_recent_downloads/owners",
        "reverse_dependencies": "/api/v1/crates/most_recent_downloads/reverse_dependencies",
        "version_downloads": "/api/v1/crates/most_recent_downloads/downloads",
        "versions": "/api/v1/crates/most_recent_downloads/versions"
      },
      "max_version": "0.2.0",
      "name": "most_recent_downloads",
      "newest_version": "0.2.0",
      "recent_downloads": 50,
      "repository": null,
      "updated_at": "[datetime]",
      "versions": null
    },
    {
      "badges": null,
      "categories": null,
      "created_at": "[datetime]",
      "description": "description",
      "documentation": null,
      "downloads": 20,
      "exact_match": false,
      "homepage": null,
      "id": "some_downloads",
      "keywords": null,
      "links": {
        "owner_team": "/api/v1/crates/some_downloads/owner_team",
        "owner_user": "/api/v1/crates/some_downloads/owner_user",
        "owners": "/api/v1/crates/some_downloads/owners",
        "reverse_dependencies": "/api/v1/crates/some_downloads/reverse_dependencies",
        "version_downloads": "/api/v1/crates/some_downloads/downloads",
        "versions": "/api/v1/crates/some_downloads/versions"
      },
      "max_version": "0.1.0",
      "name": "some_downloads",
      "newest_version": "0.1.0",
      "recent_downloads": 10,
      "repository": null,
      "updated_at": "[datetime]",
      "versions": null
    }
  ],
  "num_crates": 5,
  "num_downloads": 6000,
  "popular_categories": [
    {
      "category": "Category 1",
      "crates_cnt": 2,
      "created_at": "[datetime]",
      "description": "Category 1 crates",
      "id": "cat1",
      "slug": "cat1"
    }
  ],
  "popular_keywords": [
    {
      "crates_cnt": 3,
      "created_at": "[datetime]",
      "id": "popular",
      "keyword": "popular"
    }
  ]
}
