---
source: src/tests/server.rs
expression: resp.into_json()
---
{
  "errors": [
    {
      "detail": "We are unable to process your request at this time. This usually means that you are in violation of our crawler policy (https://crates.io/policies#crawlers). Please open an issue at https://github.com/rust-lang/crates.io or email help@crates.io and provide the request id "
    }
  ]
}
