---
source: src/tests/team.rs
expression: app.emails_snapshot()
---
To: user-all-teams@example.com
From: noreply@crates.io
Subject: crates.io: Successfully published foo_team_owned@2.0.0
Content-Type: text/plain; charset=utf-8
Content-Transfer-Encoding: quoted-printable

Hello user-all-teams!

A new version of the package foo_team_owned (2.0.0) was published by user-o=
ne-team (https://crates.io/users/user-one-team) at [0000-00-00T00:00:00Z].

If you have questions or security concerns, you can contact us at help@crat=
es.io.
