---
source: src/tests/team.rs
expression: app.emails_snapshot().await
---
To: user-all-teams@example.com
From: crates.io <noreply@crates.io>
Subject: crates.io: Successfully published foo_team_owned@2.0.0
MIME-Version: 1.0
Content-Type: multipart/alternative;
 boundary="[boundary]"

--[boundary]
Content-Type: text/plain; charset=utf-8
Content-Transfer-Encoding: quoted-printable


Hello user-all-teams!

A new version of the foo_team_owned crate was published by user-one-team (https://crates.io/users/user-one-team) at [0000-00-00T00:00:00Z].

View v2.0.0 here: https://crates.io/crates/foo_team_owned/2.0.0

If you have questions or security concerns, you can contact us at help@crates.io. If you would like to stop receiving these security notifications, you can disable them in your account settings.

--
The crates.io Team
--[boundary]
Content-Type: text/html; charset=utf-8
Content-Transfer-Encoding: quoted-printable


<p>Hello user-all-teams!</p>

<p>A new version of the <strong>foo_team_owned</strong> crate was published by user-one-team (https:&#x2f;&#x2f;crates.io&#x2f;users&#x2f;user-one-team) at [0000-00-00T00:00:00Z].</p>

<p>View v2.0.0 here: <a href="https://crates.io/crates/foo_team_owned/2.0.0">https://crates.io/crates/foo_team_owned/2.0.0</a></p>

<p>If you have questions or security concerns, you can contact us at <a href="mailto:help@crates.io">help@crates.io</a>. If you would like to stop receiving these security notifications, you can disable them in your account settings.</p>

<p>--<br>The crates.io Team</p>
--[boundary]--
