---
source: src/tests/routes/trustpub/github_configs/list/by_crate.rs
expression: json
---
{
  "github_configs": [
    {
      "crate": "foo",
      "created_at": "[datetime]",
      "environment": null,
      "id": 6,
      "repository_name": "repo-5",
      "repository_owner": "rust-lang",
      "repository_owner_id": 42,
      "workflow_filename": "publish.yml"
    },
    {
      "crate": "foo",
      "created_at": "[datetime]",
      "environment": null,
      "id": 7,
      "repository_name": "repo-6",
      "repository_owner": "rust-lang",
      "repository_owner_id": 42,
      "workflow_filename": "publish.yml"
    },
    {
      "crate": "foo",
      "created_at": "[datetime]",
      "environment": null,
      "id": 8,
      "repository_name": "repo-7",
      "repository_owner": "rust-lang",
      "repository_owner_id": 42,
      "workflow_filename": "publish.yml"
    },
    {
      "crate": "foo",
      "created_at": "[datetime]",
      "environment": null,
      "id": 9,
      "repository_name": "repo-8",
      "repository_owner": "rust-lang",
      "repository_owner_id": 42,
      "workflow_filename": "publish.yml"
    },
    {
      "crate": "foo",
      "created_at": "[datetime]",
      "environment": null,
      "id": 10,
      "repository_name": "repo-9",
      "repository_owner": "rust-lang",
      "repository_owner_id": 42,
      "workflow_filename": "publish.yml"
    }
  ],
  "meta": {
    "next_page": "?crate=foo&per_page=5&seek=MTA",
    "total": 15
  }
}
