---
source: src/tests/routes/trustpub/github_configs/list/by_crate.rs
expression: json
---
{
  "github_configs": [
    {
      "crate": "foo",
      "created_at": "[datetime]",
      "environment": null,
      "id": 1,
      "repository_name": "repo-0",
      "repository_owner": "rust-lang",
      "repository_owner_id": 42,
      "workflow_filename": "publish.yml"
    },
    {
      "crate": "foo",
      "created_at": "[datetime]",
      "environment": null,
      "id": 2,
      "repository_name": "repo-1",
      "repository_owner": "rust-lang",
      "repository_owner_id": 42,
      "workflow_filename": "publish.yml"
    },
    {
      "crate": "foo",
      "created_at": "[datetime]",
      "environment": null,
      "id": 3,
      "repository_name": "repo-2",
      "repository_owner": "rust-lang",
      "repository_owner_id": 42,
      "workflow_filename": "publish.yml"
    },
    {
      "crate": "foo",
      "created_at": "[datetime]",
      "environment": null,
      "id": 4,
      "repository_name": "repo-3",
      "repository_owner": "rust-lang",
      "repository_owner_id": 42,
      "workflow_filename": "publish.yml"
    },
    {
      "crate": "foo",
      "created_at": "[datetime]",
      "environment": null,
      "id": 5,
      "repository_name": "repo-4",
      "repository_owner": "rust-lang",
      "repository_owner_id": 42,
      "workflow_filename": "publish.yml"
    }
  ],
  "meta": {
    "next_page": "?crate=foo&per_page=5&seek=NQ",
    "total": 15
  }
}
