---
source: src/tests/routes/users/email_verification.rs
expression: app.emails_snapshot().await
---
To: foo@example.com
From: crates.io <noreply@crates.io>
Subject: crates.io: Please confirm your email address
MIME-Version: 1.0
Content-Type: multipart/alternative;
 boundary="[boundary]"

--[boundary]
Content-Type: text/plain; charset=utf-8
Content-Transfer-Encoding: quoted-printable


Hello foo!

Welcome to crates.io. Please click the link below to verify your email address:

https://crates.io/confirm/[confirm-token]

Thank you!

--
The crates.io Team
--[boundary]
Content-Type: text/html; charset=utf-8
Content-Transfer-Encoding: quoted-printable


<p>Hello foo!</p>

<p>Welcome to crates.io. Please click the link below to verify your email address:</p>

<p><a href="https://crates.io/confirm/[confirm-token]">https://crates.io/confirm/[confirm-token]</a></p>

<p>Thank you!</p>

<p>--<br>The crates.io Team</p>
<script type="application/ld+json">
{
  "@context": "http://schema.org",
  "@type": "EmailMessage",
  "potentialAction": {
    "@type": "ViewAction",
    "target": "https://crates.io/confirm/[confirm-token]",
    "url": "https://crates.io/confirm/[confirm-token]",
    "name": "Confirm Verification"
  },
  "description": "Confirm your email address for crates.io",
  "publisher": {
    "@type": "Organization",
    "name": "crates.io",
    "url": "https://crates.io"
  }
}
</script>
--[boundary]--
