---
source: src/tests/worker/sync_admins.rs
expression: emails
---
[
    "To: existing-admin@crates.io\r\nFrom: noreply@crates.io\r\nSubject: crates.io: Admin account changes\r\nContent-Type: text/plain; charset=utf-8\r\nContent-Transfer-Encoding: 7bit\r\n\r\nGranted admin access:\r\n\r\n- new-admin (github_id: 3)\r\n\r\nRevoked admin access:\r\n- obsolete-admin (github_id: 2)\r\n",
    "To: obsolete-admin@crates.io\r\nFrom: noreply@crates.io\r\nSubject: crates.io: Admin account changes\r\nContent-Type: text/plain; charset=utf-8\r\nContent-Transfer-Encoding: 7bit\r\n\r\nGranted admin access:\r\n\r\n- new-admin (github_id: 3)\r\n\r\nRevoked admin access:\r\n- obsolete-admin (github_id: 2)\r\n",
]
