---
source: src/tests/worker/sync_admins.rs
expression: app.emails_snapshot()
---
To: existing-admin@crates.io
From: noreply@crates.io
Subject: crates.io: Admin account changes
Content-Type: text/plain; charset=utf-8
Content-Transfer-Encoding: 7bit

Granted admin access:

- new-admin (github_id: 3)

Revoked admin access:
- obsolete-admin (github_id: 2)

----------------------------------------

To: obsolete-admin@crates.io
From: noreply@crates.io
Subject: crates.io: Admin account changes
Content-Type: text/plain; charset=utf-8
Content-Transfer-Encoding: 7bit

Granted admin access:

- new-admin (github_id: 3)

Revoked admin access:
- obsolete-admin (github_id: 2)
